mode: atomic
github.com/claudioed/product-master/internal/domain/product/classification.go:43.2,43.31 1 46
github.com/claudioed/product-master/internal/domain/product/classification.go:44.3,44.27 1 111
github.com/claudioed/product-master/internal/domain/product/classification.go:45.4,46.1 1 42
github.com/claudioed/product-master/internal/domain/product/classification.go:48.2,48.34 1 4
github.com/claudioed/product-master/internal/domain/product/classification.go:65.2,65.33 1 14
github.com/claudioed/product-master/internal/domain/product/classification.go:67.3,67.38 1 10
github.com/claudioed/product-master/internal/domain/product/classification.go:69.2,69.55 1 4
github.com/claudioed/product-master/internal/domain/product/classification.go:91.2,91.37 1 3
github.com/claudioed/product-master/internal/domain/product/classification.go:93.3,93.42 1 2
github.com/claudioed/product-master/internal/domain/product/classification.go:95.2,95.43 1 1
github.com/claudioed/product-master/internal/domain/product/classification.go:110.2,110.20 1 27
github.com/claudioed/product-master/internal/domain/product/classification.go:111.3,112.1 1 2
github.com/claudioed/product-master/internal/domain/product/classification.go:113.2,114.27 2 25
github.com/claudioed/product-master/internal/domain/product/classification.go:115.3,115.58 1 38
github.com/claudioed/product-master/internal/domain/product/classification.go:116.4,117.1 1 1
github.com/claudioed/product-master/internal/domain/product/classification.go:118.3,118.30 1 37
github.com/claudioed/product-master/internal/domain/product/classification.go:119.4,120.1 1 1
github.com/claudioed/product-master/internal/domain/product/classification.go:121.3,121.24 1 36
github.com/claudioed/product-master/internal/domain/product/classification.go:123.2,123.64 1 23
github.com/claudioed/product-master/internal/domain/product/classification.go:124.3,125.1 1 3
github.com/claudioed/product-master/internal/domain/product/classification.go:126.2,126.54 1 20
github.com/claudioed/product-master/internal/domain/product/classification.go:127.3,128.1 1 3
github.com/claudioed/product-master/internal/domain/product/classification.go:129.2,129.107 1 17
github.com/claudioed/product-master/internal/domain/product/classification.go:133.2,134.16 2 23
github.com/claudioed/product-master/internal/domain/product/classification.go:135.3,135.45 1 14
github.com/claudioed/product-master/internal/domain/product/classification.go:136.4,137.1 1 1
github.com/claudioed/product-master/internal/domain/product/classification.go:138.3,138.13 1 13
github.com/claudioed/product-master/internal/domain/product/classification.go:140.2,140.44 1 9
github.com/claudioed/product-master/internal/domain/product/classification.go:141.3,142.1 1 1
github.com/claudioed/product-master/internal/domain/product/classification.go:143.2,144.12 2 8
github.com/claudioed/product-master/internal/domain/product/classification.go:148.2,148.40 1 20
github.com/claudioed/product-master/internal/domain/product/classification.go:149.3,150.1 1 6
github.com/claudioed/product-master/internal/domain/product/classification.go:151.2,151.39 1 14
github.com/claudioed/product-master/internal/domain/product/classification.go:152.3,153.1 1 1
github.com/claudioed/product-master/internal/domain/product/classification.go:154.2,154.46 1 13
github.com/claudioed/product-master/internal/domain/product/classification.go:155.3,156.1 1 2
github.com/claudioed/product-master/internal/domain/product/classification.go:157.2,157.12 1 11
github.com/claudioed/product-master/internal/domain/product/classification.go:163.2,164.31 2 1
github.com/claudioed/product-master/internal/domain/product/classification.go:165.3,165.31 1 5
github.com/claudioed/product-master/internal/domain/product/classification.go:166.4,167.1 1 3
github.com/claudioed/product-master/internal/domain/product/classification.go:169.2,169.12 1 1
github.com/claudioed/product-master/internal/domain/product/classification.go:174.2,176.1 2 11
github.com/claudioed/product-master/internal/domain/product/classification.go:179.63,179.90 1 5
github.com/claudioed/product-master/internal/domain/product/classification.go:182.59,182.84 1 5
github.com/claudioed/product-master/internal/domain/product/classification.go:186.2,186.128 1 18
github.com/claudioed/product-master/internal/domain/product/classification.go:187.3,188.1 1 8
github.com/claudioed/product-master/internal/domain/product/classification.go:189.2,189.26 1 10
github.com/claudioed/product-master/internal/domain/product/classification.go:190.3,190.36 1 13
github.com/claudioed/product-master/internal/domain/product/classification.go:191.4,192.1 1 2
github.com/claudioed/product-master/internal/domain/product/classification.go:194.2,194.13 1 8
github.com/claudioed/product-master/internal/domain/product/events.go:23.36,23.50 1 14
github.com/claudioed/product-master/internal/domain/product/events.go:26.42,26.60 1 15
github.com/claudioed/product-master/internal/domain/product/events.go:29.42,29.55 1 28
github.com/claudioed/product-master/internal/domain/product/events.go:38.47,38.75 1 1
github.com/claudioed/product-master/internal/domain/product/events.go:47.55,47.91 1 1
github.com/claudioed/product-master/internal/domain/product/events.go:58.47,58.75 1 4
github.com/claudioed/product-master/internal/domain/product/events.go:68.55,68.91 1 2
github.com/claudioed/product-master/internal/domain/product/events.go:78.45,78.71 1 6
github.com/claudioed/product-master/internal/domain/product/physical.go:44.2,44.57 1 47
github.com/claudioed/product-master/internal/domain/product/physical.go:45.3,45.34 1 138
github.com/claudioed/product-master/internal/domain/product/physical.go:46.4,47.1 1 3
github.com/claudioed/product-master/internal/domain/product/physical.go:49.2,49.41 1 44
github.com/claudioed/product-master/internal/domain/product/physical.go:50.3,51.1 1 2
github.com/claudioed/product-master/internal/domain/product/physical.go:52.2,52.104 1 42
github.com/claudioed/product-master/internal/domain/product/physical.go:56.44,56.63 1 2
github.com/claudioed/product-master/internal/domain/product/physical.go:59.43,59.61 1 2
github.com/claudioed/product-master/internal/domain/product/physical.go:62.44,62.63 1 2
github.com/claudioed/product-master/internal/domain/product/physical.go:65.43,65.61 1 4
github.com/claudioed/product-master/internal/domain/product/physical.go:69.45,69.89 1 32
github.com/claudioed/product-master/internal/domain/product/physical.go:84.2,84.25 1 8
github.com/claudioed/product-master/internal/domain/product/physical.go:85.3,86.1 1 1
github.com/claudioed/product-master/internal/domain/product/physical.go:87.2,87.27 1 7
github.com/claudioed/product-master/internal/domain/product/physical.go:88.3,89.1 1 1
github.com/claudioed/product-master/internal/domain/product/physical.go:90.2,90.57 1 6
github.com/claudioed/product-master/internal/domain/product/physical.go:91.3,92.1 1 1
github.com/claudioed/product-master/internal/domain/product/physical.go:93.2,93.29 1 5
github.com/claudioed/product-master/internal/domain/product/physical.go:94.3,94.27 1 79
github.com/claudioed/product-master/internal/domain/product/physical.go:95.4,96.1 1 1
github.com/claudioed/product-master/internal/domain/product/physical.go:98.2,98.108 1 4
github.com/claudioed/product-master/internal/domain/product/physical.go:101.45,101.88 1 32
github.com/claudioed/product-master/internal/domain/product/physical.go:105.2,106.1 1 10
github.com/claudioed/product-master/internal/domain/product/physical.go:109.52,109.73 1 5
github.com/claudioed/product-master/internal/domain/product/physical.go:112.47,112.68 1 5
github.com/claudioed/product-master/internal/domain/product/physical.go:115.42,115.61 1 4
github.com/claudioed/product-master/internal/domain/product/physical.go:136.2,136.23 1 17
github.com/claudioed/product-master/internal/domain/product/physical.go:137.3,138.1 1 8
github.com/claudioed/product-master/internal/domain/product/physical.go:139.2,139.26 1 9
github.com/claudioed/product-master/internal/domain/product/physical.go:144.2,144.23 1 13
github.com/claudioed/product-master/internal/domain/product/physical.go:145.3,146.1 1 7
github.com/claudioed/product-master/internal/domain/product/physical.go:147.2,147.26 1 6
github.com/claudioed/product-master/internal/domain/product/physical.go:153.2,153.23 1 5
github.com/claudioed/product-master/internal/domain/product/physical.go:154.3,155.1 1 2
github.com/claudioed/product-master/internal/domain/product/physical.go:156.2,156.21 1 3
github.com/claudioed/product-master/internal/domain/product/physical.go:161.2,161.23 1 11
github.com/claudioed/product-master/internal/domain/product/physical.go:162.3,163.1 1 7
github.com/claudioed/product-master/internal/domain/product/physical.go:164.2,164.23 1 4
github.com/claudioed/product-master/internal/domain/product/physical.go:165.3,166.1 1 2
github.com/claudioed/product-master/internal/domain/product/physical.go:167.2,167.22 1 2
github.com/claudioed/product-master/internal/domain/product/physical.go:174.2,174.44 1 19
github.com/claudioed/product-master/internal/domain/product/physical.go:175.3,176.1 1 4
github.com/claudioed/product-master/internal/domain/product/physical.go:177.2,178.99 2 15
github.com/claudioed/product-master/internal/domain/product/physical.go:183.2,185.1 2 34
github.com/claudioed/product-master/internal/domain/product/physical.go:189.2,191.1 2 7
github.com/claudioed/product-master/internal/domain/product/physical.go:195.2,197.1 2 8
github.com/claudioed/product-master/internal/domain/product/physical.go:201.2,202.1 1 14
github.com/claudioed/product-master/internal/domain/product/physical.go:206.2,207.1 1 2
github.com/claudioed/product-master/internal/domain/product/physical.go:211.2,212.1 1 28
github.com/claudioed/product-master/internal/domain/product/product.go:31.2,31.47 1 16
github.com/claudioed/product-master/internal/domain/product/product.go:32.3,33.1 1 1
github.com/claudioed/product-master/internal/domain/product/product.go:34.2,34.57 1 15
github.com/claudioed/product-master/internal/domain/product/product.go:35.3,36.1 1 1
github.com/claudioed/product-master/internal/domain/product/product.go:37.2,38.92 2 14
github.com/claudioed/product-master/internal/domain/product/product.go:44.2,45.1 1 1
github.com/claudioed/product-master/internal/domain/product/product.go:50.2,51.27 2 2
github.com/claudioed/product-master/internal/domain/product/product.go:52.3,53.1 1 3
github.com/claudioed/product-master/internal/domain/product/product.go:54.2,54.102 1 2
github.com/claudioed/product-master/internal/domain/product/product.go:58.31,58.45 1 2
github.com/claudioed/product-master/internal/domain/product/product.go:61.42,61.64 1 3
github.com/claudioed/product-master/internal/domain/product/product.go:64.37,64.55 1 10
github.com/claudioed/product-master/internal/domain/product/product.go:69.2,69.29 1 6
github.com/claudioed/product-master/internal/domain/product/product.go:70.3,71.1 1 1
github.com/claudioed/product-master/internal/domain/product/product.go:72.2,72.41 1 5
github.com/claudioed/product-master/internal/domain/product/product.go:76.41,76.73 1 2
github.com/claudioed/product-master/internal/domain/product/product.go:79.55,79.73 1 6
github.com/claudioed/product-master/internal/domain/product/product.go:83.2,83.57 1 4
github.com/claudioed/product-master/internal/domain/product/product.go:84.3,85.1 1 1
github.com/claudioed/product-master/internal/domain/product/product.go:86.2,86.34 1 3
github.com/claudioed/product-master/internal/domain/product/product.go:87.3,88.1 1 1
github.com/claudioed/product-master/internal/domain/product/product.go:89.2,91.97 3 2
github.com/claudioed/product-master/internal/domain/product/product.go:99.2,100.1 1 5
github.com/claudioed/product-master/internal/domain/product/product.go:107.2,107.57 1 7
github.com/claudioed/product-master/internal/domain/product/product.go:108.3,109.1 1 1
github.com/claudioed/product-master/internal/domain/product/product.go:110.2,110.56 1 6
github.com/claudioed/product-master/internal/domain/product/product.go:114.2,114.80 1 11
github.com/claudioed/product-master/internal/domain/product/product.go:115.3,116.1 1 2
github.com/claudioed/product-master/internal/domain/product/product.go:117.2,120.93 4 9
github.com/claudioed/product-master/internal/domain/product/product.go:126.2,126.61 1 7
github.com/claudioed/product-master/internal/domain/product/product.go:127.3,128.1 1 1
github.com/claudioed/product-master/internal/domain/product/product.go:129.2,131.86 3 6
github.com/claudioed/product-master/internal/domain/product/product.go:139.2,139.45 1 9
github.com/claudioed/product-master/internal/domain/product/product.go:140.3,140.46 1 4
github.com/claudioed/product-master/internal/domain/product/product.go:141.4,142.1 1 1
github.com/claudioed/product-master/internal/domain/product/product.go:143.3,143.24 1 3
github.com/claudioed/product-master/internal/domain/product/product.go:144.4,145.1 1 1
github.com/claudioed/product-master/internal/domain/product/product.go:147.2,149.81 3 7
github.com/claudioed/product-master/internal/domain/product/product.go:152.28,152.41 1 24
github.com/claudioed/product-master/internal/domain/product/product.go:155.2,156.1 1 38
github.com/claudioed/product-master/internal/domain/product/sku.go:40.2,40.65 1 27
github.com/claudioed/product-master/internal/domain/product/sku.go:41.3,42.1 1 2
github.com/claudioed/product-master/internal/domain/product/sku.go:43.2,43.26 1 25
github.com/claudioed/product-master/internal/domain/product/sku.go:44.3,44.61 1 176
github.com/claudioed/product-master/internal/domain/product/sku.go:45.4,46.1 1 6
github.com/claudioed/product-master/internal/domain/product/sku.go:48.2,48.24 1 19
github.com/claudioed/product-master/internal/domain/product/sku.go:52.32,52.50 1 4
github.com/claudioed/product-master/internal/domain/product/sku.go:56.2,56.64 1 25
github.com/claudioed/product-master/internal/domain/product/sku.go:57.3,58.1 1 2
github.com/claudioed/product-master/internal/domain/product/sku.go:59.2,59.60 1 23
github.com/claudioed/product-master/internal/domain/product/sku.go:60.3,61.1 1 3
github.com/claudioed/product-master/internal/domain/product/sku.go:62.2,62.12 1 20
github.com/claudioed/product-master/internal/domain/product/classification.go:43.2,43.31 1 0
github.com/claudioed/product-master/internal/domain/product/classification.go:44.3,44.27 1 0
github.com/claudioed/product-master/internal/domain/product/classification.go:45.4,46.1 1 0
github.com/claudioed/product-master/internal/domain/product/classification.go:48.2,48.34 1 0
github.com/claudioed/product-master/internal/domain/product/classification.go:65.2,65.33 1 0
github.com/claudioed/product-master/internal/domain/product/classification.go:67.3,67.38 1 0
github.com/claudioed/product-master/internal/domain/product/classification.go:69.2,69.55 1 0
github.com/claudioed/product-master/internal/domain/product/classification.go:91.2,91.37 1 0
github.com/claudioed/product-master/internal/domain/product/classification.go:93.3,93.42 1 0
github.com/claudioed/product-master/internal/domain/product/classification.go:95.2,95.43 1 0
github.com/claudioed/product-master/internal/domain/product/classification.go:110.2,110.20 1 0
github.com/claudioed/product-master/internal/domain/product/classification.go:111.3,112.1 1 0
github.com/claudioed/product-master/internal/domain/product/classification.go:113.2,114.27 2 0
github.com/claudioed/product-master/internal/domain/product/classification.go:115.3,115.58 1 0
github.com/claudioed/product-master/internal/domain/product/classification.go:116.4,117.1 1 0
github.com/claudioed/product-master/internal/domain/product/classification.go:118.3,118.30 1 0
github.com/claudioed/product-master/internal/domain/product/classification.go:119.4,120.1 1 0
github.com/claudioed/product-master/internal/domain/product/classification.go:121.3,121.24 1 0
github.com/claudioed/product-master/internal/domain/product/classification.go:123.2,123.64 1 0
github.com/claudioed/product-master/internal/domain/product/classification.go:124.3,125.1 1 0
github.com/claudioed/product-master/internal/domain/product/classification.go:126.2,126.54 1 0
github.com/claudioed/product-master/internal/domain/product/classification.go:127.3,128.1 1 0
github.com/claudioed/product-master/internal/domain/product/classification.go:129.2,129.107 1 0
github.com/claudioed/product-master/internal/domain/product/classification.go:133.2,134.16 2 0
github.com/claudioed/product-master/internal/domain/product/classification.go:135.3,135.45 1 0
github.com/claudioed/product-master/internal/domain/product/classification.go:136.4,137.1 1 0
github.com/claudioed/product-master/internal/domain/product/classification.go:138.3,138.13 1 0
github.com/claudioed/product-master/internal/domain/product/classification.go:140.2,140.44 1 0
github.com/claudioed/product-master/internal/domain/product/classification.go:141.3,142.1 1 0
github.com/claudioed/product-master/internal/domain/product/classification.go:143.2,144.12 2 0
github.com/claudioed/product-master/internal/domain/product/classification.go:148.2,148.40 1 0
github.com/claudioed/product-master/internal/domain/product/classification.go:149.3,150.1 1 0
github.com/claudioed/product-master/internal/domain/product/classification.go:151.2,151.39 1 0
github.com/claudioed/product-master/internal/domain/product/classification.go:152.3,153.1 1 0
github.com/claudioed/product-master/internal/domain/product/classification.go:154.2,154.46 1 0
github.com/claudioed/product-master/internal/domain/product/classification.go:155.3,156.1 1 0
github.com/claudioed/product-master/internal/domain/product/classification.go:157.2,157.12 1 0
github.com/claudioed/product-master/internal/domain/product/classification.go:163.2,164.31 2 0
github.com/claudioed/product-master/internal/domain/product/classification.go:165.3,165.31 1 0
github.com/claudioed/product-master/internal/domain/product/classification.go:166.4,167.1 1 0
github.com/claudioed/product-master/internal/domain/product/classification.go:169.2,169.12 1 0
github.com/claudioed/product-master/internal/domain/product/classification.go:174.2,176.1 2 0
github.com/claudioed/product-master/internal/domain/product/classification.go:179.63,179.90 1 0
github.com/claudioed/product-master/internal/domain/product/classification.go:182.59,182.84 1 0
github.com/claudioed/product-master/internal/domain/product/classification.go:186.2,186.128 1 0
github.com/claudioed/product-master/internal/domain/product/classification.go:187.3,188.1 1 0
github.com/claudioed/product-master/internal/domain/product/classification.go:189.2,189.26 1 0
github.com/claudioed/product-master/internal/domain/product/classification.go:190.3,190.36 1 0
github.com/claudioed/product-master/internal/domain/product/classification.go:191.4,192.1 1 0
github.com/claudioed/product-master/internal/domain/product/classification.go:194.2,194.13 1 0
github.com/claudioed/product-master/internal/domain/product/events.go:23.36,23.50 1 0
github.com/claudioed/product-master/internal/domain/product/events.go:26.42,26.60 1 0
github.com/claudioed/product-master/internal/domain/product/events.go:29.42,29.55 1 0
github.com/claudioed/product-master/internal/domain/product/events.go:38.47,38.75 1 0
github.com/claudioed/product-master/internal/domain/product/events.go:47.55,47.91 1 0
github.com/claudioed/product-master/internal/domain/product/events.go:58.47,58.75 1 0
github.com/claudioed/product-master/internal/domain/product/events.go:68.55,68.91 1 0
github.com/claudioed/product-master/internal/domain/product/events.go:78.45,78.71 1 0
github.com/claudioed/product-master/internal/domain/product/physical.go:44.2,44.57 1 0
github.com/claudioed/product-master/internal/domain/product/physical.go:45.3,45.34 1 0
github.com/claudioed/product-master/internal/domain/product/physical.go:46.4,47.1 1 0
github.com/claudioed/product-master/internal/domain/product/physical.go:49.2,49.41 1 0
github.com/claudioed/product-master/internal/domain/product/physical.go:50.3,51.1 1 0
github.com/claudioed/product-master/internal/domain/product/physical.go:52.2,52.104 1 0
github.com/claudioed/product-master/internal/domain/product/physical.go:56.44,56.63 1 0
github.com/claudioed/product-master/internal/domain/product/physical.go:59.43,59.61 1 0
github.com/claudioed/product-master/internal/domain/product/physical.go:62.44,62.63 1 0
github.com/claudioed/product-master/internal/domain/product/physical.go:65.43,65.61 1 0
github.com/claudioed/product-master/internal/domain/product/physical.go:69.45,69.89 1 0
github.com/claudioed/product-master/internal/domain/product/physical.go:84.2,84.25 1 0
github.com/claudioed/product-master/internal/domain/product/physical.go:85.3,86.1 1 0
github.com/claudioed/product-master/internal/domain/product/physical.go:87.2,87.27 1 0
github.com/claudioed/product-master/internal/domain/product/physical.go:88.3,89.1 1 0
github.com/claudioed/product-master/internal/domain/product/physical.go:90.2,90.57 1 0
github.com/claudioed/product-master/internal/domain/product/physical.go:91.3,92.1 1 0
github.com/claudioed/product-master/internal/domain/product/physical.go:93.2,93.29 1 0
github.com/claudioed/product-master/internal/domain/product/physical.go:94.3,94.27 1 0
github.com/claudioed/product-master/internal/domain/product/physical.go:95.4,96.1 1 0
github.com/claudioed/product-master/internal/domain/product/physical.go:98.2,98.108 1 0
github.com/claudioed/product-master/internal/domain/product/physical.go:101.45,101.88 1 0
github.com/claudioed/product-master/internal/domain/product/physical.go:105.2,106.1 1 0
github.com/claudioed/product-master/internal/domain/product/physical.go:109.52,109.73 1 0
github.com/claudioed/product-master/internal/domain/product/physical.go:112.47,112.68 1 0
github.com/claudioed/product-master/internal/domain/product/physical.go:115.42,115.61 1 0
github.com/claudioed/product-master/internal/domain/product/physical.go:136.2,136.23 1 0
github.com/claudioed/product-master/internal/domain/product/physical.go:137.3,138.1 1 0
github.com/claudioed/product-master/internal/domain/product/physical.go:139.2,139.26 1 0
github.com/claudioed/product-master/internal/domain/product/physical.go:144.2,144.23 1 0
github.com/claudioed/product-master/internal/domain/product/physical.go:145.3,146.1 1 0
github.com/claudioed/product-master/internal/domain/product/physical.go:147.2,147.26 1 0
github.com/claudioed/product-master/internal/domain/product/physical.go:153.2,153.23 1 0
github.com/claudioed/product-master/internal/domain/product/physical.go:154.3,155.1 1 0
github.com/claudioed/product-master/internal/domain/product/physical.go:156.2,156.21 1 0
github.com/claudioed/product-master/internal/domain/product/physical.go:161.2,161.23 1 0
github.com/claudioed/product-master/internal/domain/product/physical.go:162.3,163.1 1 0
github.com/claudioed/product-master/internal/domain/product/physical.go:164.2,164.23 1 0
github.com/claudioed/product-master/internal/domain/product/physical.go:165.3,166.1 1 0
github.com/claudioed/product-master/internal/domain/product/physical.go:167.2,167.22 1 0
github.com/claudioed/product-master/internal/domain/product/physical.go:174.2,174.44 1 0
github.com/claudioed/product-master/internal/domain/product/physical.go:175.3,176.1 1 0
github.com/claudioed/product-master/internal/domain/product/physical.go:177.2,178.99 2 0
github.com/claudioed/product-master/internal/domain/product/physical.go:183.2,185.1 2 0
github.com/claudioed/product-master/internal/domain/product/physical.go:189.2,191.1 2 0
github.com/claudioed/product-master/internal/domain/product/physical.go:195.2,197.1 2 0
github.com/claudioed/product-master/internal/domain/product/physical.go:201.2,202.1 1 0
github.com/claudioed/product-master/internal/domain/product/physical.go:206.2,207.1 1 0
github.com/claudioed/product-master/internal/domain/product/physical.go:211.2,212.1 1 0
github.com/claudioed/product-master/internal/domain/product/product.go:31.2,31.47 1 0
github.com/claudioed/product-master/internal/domain/product/product.go:32.3,33.1 1 0
github.com/claudioed/product-master/internal/domain/product/product.go:34.2,34.57 1 0
github.com/claudioed/product-master/internal/domain/product/product.go:35.3,36.1 1 0
github.com/claudioed/product-master/internal/domain/product/product.go:37.2,38.92 2 0
github.com/claudioed/product-master/internal/domain/product/product.go:44.2,45.1 1 0
github.com/claudioed/product-master/internal/domain/product/product.go:50.2,51.27 2 0
github.com/claudioed/product-master/internal/domain/product/product.go:52.3,53.1 1 0
github.com/claudioed/product-master/internal/domain/product/product.go:54.2,54.102 1 0
github.com/claudioed/product-master/internal/domain/product/product.go:58.31,58.45 1 0
github.com/claudioed/product-master/internal/domain/product/product.go:61.42,61.64 1 0
github.com/claudioed/product-master/internal/domain/product/product.go:64.37,64.55 1 0
github.com/claudioed/product-master/internal/domain/product/product.go:69.2,69.29 1 0
github.com/claudioed/product-master/internal/domain/product/product.go:70.3,71.1 1 0
github.com/claudioed/product-master/internal/domain/product/product.go:72.2,72.41 1 0
github.com/claudioed/product-master/internal/domain/product/product.go:76.41,76.73 1 0
github.com/claudioed/product-master/internal/domain/product/product.go:79.55,79.73 1 0
github.com/claudioed/product-master/internal/domain/product/product.go:83.2,83.57 1 0
github.com/claudioed/product-master/internal/domain/product/product.go:84.3,85.1 1 0
github.com/claudioed/product-master/internal/domain/product/product.go:86.2,86.34 1 0
github.com/claudioed/product-master/internal/domain/product/product.go:87.3,88.1 1 0
github.com/claudioed/product-master/internal/domain/product/product.go:89.2,91.97 3 0
github.com/claudioed/product-master/internal/domain/product/product.go:99.2,100.1 1 0
github.com/claudioed/product-master/internal/domain/product/product.go:107.2,107.57 1 0
github.com/claudioed/product-master/internal/domain/product/product.go:108.3,109.1 1 0
github.com/claudioed/product-master/internal/domain/product/product.go:110.2,110.56 1 0
github.com/claudioed/product-master/internal/domain/product/product.go:114.2,114.80 1 0
github.com/claudioed/product-master/internal/domain/product/product.go:115.3,116.1 1 0
github.com/claudioed/product-master/internal/domain/product/product.go:117.2,120.93 4 0
github.com/claudioed/product-master/internal/domain/product/product.go:126.2,126.61 1 0
github.com/claudioed/product-master/internal/domain/product/product.go:127.3,128.1 1 0
github.com/claudioed/product-master/internal/domain/product/product.go:129.2,131.86 3 0
github.com/claudioed/product-master/internal/domain/product/product.go:139.2,139.45 1 0
github.com/claudioed/product-master/internal/domain/product/product.go:140.3,140.46 1 0
github.com/claudioed/product-master/internal/domain/product/product.go:141.4,142.1 1 0
github.com/claudioed/product-master/internal/domain/product/product.go:143.3,143.24 1 0
github.com/claudioed/product-master/internal/domain/product/product.go:144.4,145.1 1 0
github.com/claudioed/product-master/internal/domain/product/product.go:147.2,149.81 3 0
github.com/claudioed/product-master/internal/domain/product/product.go:152.28,152.41 1 0
github.com/claudioed/product-master/internal/domain/product/product.go:155.2,156.1 1 0
github.com/claudioed/product-master/internal/domain/product/sku.go:40.2,40.65 1 0
github.com/claudioed/product-master/internal/domain/product/sku.go:41.3,42.1 1 0
github.com/claudioed/product-master/internal/domain/product/sku.go:43.2,43.26 1 0
github.com/claudioed/product-master/internal/domain/product/sku.go:44.3,44.61 1 0
github.com/claudioed/product-master/internal/domain/product/sku.go:45.4,46.1 1 0
github.com/claudioed/product-master/internal/domain/product/sku.go:48.2,48.24 1 0
github.com/claudioed/product-master/internal/domain/product/sku.go:52.32,52.50 1 0
github.com/claudioed/product-master/internal/domain/product/sku.go:56.2,56.64 1 0
github.com/claudioed/product-master/internal/domain/product/sku.go:57.3,58.1 1 0
github.com/claudioed/product-master/internal/domain/product/sku.go:59.2,59.60 1 0
github.com/claudioed/product-master/internal/domain/product/sku.go:60.3,61.1 1 0
github.com/claudioed/product-master/internal/domain/product/sku.go:62.2,62.12 1 0
github.com/claudioed/product-master/internal/domain/product/classification.go:43.2,43.31 1 0
github.com/claudioed/product-master/internal/domain/product/classification.go:44.3,44.27 1 0
github.com/claudioed/product-master/internal/domain/product/classification.go:45.4,46.1 1 0
github.com/claudioed/product-master/internal/domain/product/classification.go:48.2,48.34 1 0
github.com/claudioed/product-master/internal/domain/product/classification.go:65.2,65.33 1 0
github.com/claudioed/product-master/internal/domain/product/classification.go:67.3,67.38 1 0
github.com/claudioed/product-master/internal/domain/product/classification.go:69.2,69.55 1 0
github.com/claudioed/product-master/internal/domain/product/classification.go:91.2,91.37 1 0
github.com/claudioed/product-master/internal/domain/product/classification.go:93.3,93.42 1 0
github.com/claudioed/product-master/internal/domain/product/classification.go:95.2,95.43 1 0
github.com/claudioed/product-master/internal/domain/product/classification.go:110.2,110.20 1 0
github.com/claudioed/product-master/internal/domain/product/classification.go:111.3,112.1 1 0
github.com/claudioed/product-master/internal/domain/product/classification.go:113.2,114.27 2 0
github.com/claudioed/product-master/internal/domain/product/classification.go:115.3,115.58 1 0
github.com/claudioed/product-master/internal/domain/product/classification.go:116.4,117.1 1 0
github.com/claudioed/product-master/internal/domain/product/classification.go:118.3,118.30 1 0
github.com/claudioed/product-master/internal/domain/product/classification.go:119.4,120.1 1 0
github.com/claudioed/product-master/internal/domain/product/classification.go:121.3,121.24 1 0
github.com/claudioed/product-master/internal/domain/product/classification.go:123.2,123.64 1 0
github.com/claudioed/product-master/internal/domain/product/classification.go:124.3,125.1 1 0
github.com/claudioed/product-master/internal/domain/product/classification.go:126.2,126.54 1 0
github.com/claudioed/product-master/internal/domain/product/classification.go:127.3,128.1 1 0
github.com/claudioed/product-master/internal/domain/product/classification.go:129.2,129.107 1 0
github.com/claudioed/product-master/internal/domain/product/classification.go:133.2,134.16 2 0
github.com/claudioed/product-master/internal/domain/product/classification.go:135.3,135.45 1 0
github.com/claudioed/product-master/internal/domain/product/classification.go:136.4,137.1 1 0
github.com/claudioed/product-master/internal/domain/product/classification.go:138.3,138.13 1 0
github.com/claudioed/product-master/internal/domain/product/classification.go:140.2,140.44 1 0
github.com/claudioed/product-master/internal/domain/product/classification.go:141.3,142.1 1 0
github.com/claudioed/product-master/internal/domain/product/classification.go:143.2,144.12 2 0
github.com/claudioed/product-master/internal/domain/product/classification.go:148.2,148.40 1 0
github.com/claudioed/product-master/internal/domain/product/classification.go:149.3,150.1 1 0
github.com/claudioed/product-master/internal/domain/product/classification.go:151.2,151.39 1 0
github.com/claudioed/product-master/internal/domain/product/classification.go:152.3,153.1 1 0
github.com/claudioed/product-master/internal/domain/product/classification.go:154.2,154.46 1 0
github.com/claudioed/product-master/internal/domain/product/classification.go:155.3,156.1 1 0
github.com/claudioed/product-master/internal/domain/product/classification.go:157.2,157.12 1 0
github.com/claudioed/product-master/internal/domain/product/classification.go:163.2,164.31 2 0
github.com/claudioed/product-master/internal/domain/product/classification.go:165.3,165.31 1 0
github.com/claudioed/product-master/internal/domain/product/classification.go:166.4,167.1 1 0
github.com/claudioed/product-master/internal/domain/product/classification.go:169.2,169.12 1 0
github.com/claudioed/product-master/internal/domain/product/classification.go:174.2,176.1 2 0
github.com/claudioed/product-master/internal/domain/product/classification.go:179.63,179.90 1 0
github.com/claudioed/product-master/internal/domain/product/classification.go:182.59,182.84 1 0
github.com/claudioed/product-master/internal/domain/product/classification.go:186.2,186.128 1 0
github.com/claudioed/product-master/internal/domain/product/classification.go:187.3,188.1 1 0
github.com/claudioed/product-master/internal/domain/product/classification.go:189.2,189.26 1 0
github.com/claudioed/product-master/internal/domain/product/classification.go:190.3,190.36 1 0
github.com/claudioed/product-master/internal/domain/product/classification.go:191.4,192.1 1 0
github.com/claudioed/product-master/internal/domain/product/classification.go:194.2,194.13 1 0
github.com/claudioed/product-master/internal/domain/product/events.go:23.36,23.50 1 0
github.com/claudioed/product-master/internal/domain/product/events.go:26.42,26.60 1 0
github.com/claudioed/product-master/internal/domain/product/events.go:29.42,29.55 1 0
github.com/claudioed/product-master/internal/domain/product/events.go:38.47,38.75 1 0
github.com/claudioed/product-master/internal/domain/product/events.go:47.55,47.91 1 0
github.com/claudioed/product-master/internal/domain/product/events.go:58.47,58.75 1 0
github.com/claudioed/product-master/internal/domain/product/events.go:68.55,68.91 1 0
github.com/claudioed/product-master/internal/domain/product/events.go:78.45,78.71 1 0
github.com/claudioed/product-master/internal/domain/product/physical.go:44.2,44.57 1 0
github.com/claudioed/product-master/internal/domain/product/physical.go:45.3,45.34 1 0
github.com/claudioed/product-master/internal/domain/product/physical.go:46.4,47.1 1 0
github.com/claudioed/product-master/internal/domain/product/physical.go:49.2,49.41 1 0
github.com/claudioed/product-master/internal/domain/product/physical.go:50.3,51.1 1 0
github.com/claudioed/product-master/internal/domain/product/physical.go:52.2,52.104 1 0
github.com/claudioed/product-master/internal/domain/product/physical.go:56.44,56.63 1 0
github.com/claudioed/product-master/internal/domain/product/physical.go:59.43,59.61 1 0
github.com/claudioed/product-master/internal/domain/product/physical.go:62.44,62.63 1 0
github.com/claudioed/product-master/internal/domain/product/physical.go:65.43,65.61 1 0
github.com/claudioed/product-master/internal/domain/product/physical.go:69.45,69.89 1 0
github.com/claudioed/product-master/internal/domain/product/physical.go:84.2,84.25 1 0
github.com/claudioed/product-master/internal/domain/product/physical.go:85.3,86.1 1 0
github.com/claudioed/product-master/internal/domain/product/physical.go:87.2,87.27 1 0
github.com/claudioed/product-master/internal/domain/product/physical.go:88.3,89.1 1 0
github.com/claudioed/product-master/internal/domain/product/physical.go:90.2,90.57 1 0
github.com/claudioed/product-master/internal/domain/product/physical.go:91.3,92.1 1 0
github.com/claudioed/product-master/internal/domain/product/physical.go:93.2,93.29 1 0
github.com/claudioed/product-master/internal/domain/product/physical.go:94.3,94.27 1 0
github.com/claudioed/product-master/internal/domain/product/physical.go:95.4,96.1 1 0
github.com/claudioed/product-master/internal/domain/product/physical.go:98.2,98.108 1 0
github.com/claudioed/product-master/internal/domain/product/physical.go:101.45,101.88 1 0
github.com/claudioed/product-master/internal/domain/product/physical.go:105.2,106.1 1 0
github.com/claudioed/product-master/internal/domain/product/physical.go:109.52,109.73 1 0
github.com/claudioed/product-master/internal/domain/product/physical.go:112.47,112.68 1 0
github.com/claudioed/product-master/internal/domain/product/physical.go:115.42,115.61 1 0
github.com/claudioed/product-master/internal/domain/product/physical.go:136.2,136.23 1 0
github.com/claudioed/product-master/internal/domain/product/physical.go:137.3,138.1 1 0
github.com/claudioed/product-master/internal/domain/product/physical.go:139.2,139.26 1 0
github.com/claudioed/product-master/internal/domain/product/physical.go:144.2,144.23 1 0
github.com/claudioed/product-master/internal/domain/product/physical.go:145.3,146.1 1 0
github.com/claudioed/product-master/internal/domain/product/physical.go:147.2,147.26 1 0
github.com/claudioed/product-master/internal/domain/product/physical.go:153.2,153.23 1 0
github.com/claudioed/product-master/internal/domain/product/physical.go:154.3,155.1 1 0
github.com/claudioed/product-master/internal/domain/product/physical.go:156.2,156.21 1 0
github.com/claudioed/product-master/internal/domain/product/physical.go:161.2,161.23 1 0
github.com/claudioed/product-master/internal/domain/product/physical.go:162.3,163.1 1 0
github.com/claudioed/product-master/internal/domain/product/physical.go:164.2,164.23 1 0
github.com/claudioed/product-master/internal/domain/product/physical.go:165.3,166.1 1 0
github.com/claudioed/product-master/internal/domain/product/physical.go:167.2,167.22 1 0
github.com/claudioed/product-master/internal/domain/product/physical.go:174.2,174.44 1 0
github.com/claudioed/product-master/internal/domain/product/physical.go:175.3,176.1 1 0
github.com/claudioed/product-master/internal/domain/product/physical.go:177.2,178.99 2 0
github.com/claudioed/product-master/internal/domain/product/physical.go:183.2,185.1 2 0
github.com/claudioed/product-master/internal/domain/product/physical.go:189.2,191.1 2 0
github.com/claudioed/product-master/internal/domain/product/physical.go:195.2,197.1 2 0
github.com/claudioed/product-master/internal/domain/product/physical.go:201.2,202.1 1 0
github.com/claudioed/product-master/internal/domain/product/physical.go:206.2,207.1 1 0
github.com/claudioed/product-master/internal/domain/product/physical.go:211.2,212.1 1 0
github.com/claudioed/product-master/internal/domain/product/product.go:31.2,31.47 1 0
github.com/claudioed/product-master/internal/domain/product/product.go:32.3,33.1 1 0
github.com/claudioed/product-master/internal/domain/product/product.go:34.2,34.57 1 0
github.com/claudioed/product-master/internal/domain/product/product.go:35.3,36.1 1 0
github.com/claudioed/product-master/internal/domain/product/product.go:37.2,38.92 2 0
github.com/claudioed/product-master/internal/domain/product/product.go:44.2,45.1 1 0
github.com/claudioed/product-master/internal/domain/product/product.go:50.2,51.27 2 0
github.com/claudioed/product-master/internal/domain/product/product.go:52.3,53.1 1 0
github.com/claudioed/product-master/internal/domain/product/product.go:54.2,54.102 1 0
github.com/claudioed/product-master/internal/domain/product/product.go:58.31,58.45 1 0
github.com/claudioed/product-master/internal/domain/product/product.go:61.42,61.64 1 0
github.com/claudioed/product-master/internal/domain/product/product.go:64.37,64.55 1 0
github.com/claudioed/product-master/internal/domain/product/product.go:69.2,69.29 1 0
github.com/claudioed/product-master/internal/domain/product/product.go:70.3,71.1 1 0
github.com/claudioed/product-master/internal/domain/product/product.go:72.2,72.41 1 0
github.com/claudioed/product-master/internal/domain/product/product.go:76.41,76.73 1 0
github.com/claudioed/product-master/internal/domain/product/product.go:79.55,79.73 1 0
github.com/claudioed/product-master/internal/domain/product/product.go:83.2,83.57 1 0
github.com/claudioed/product-master/internal/domain/product/product.go:84.3,85.1 1 0
github.com/claudioed/product-master/internal/domain/product/product.go:86.2,86.34 1 0
github.com/claudioed/product-master/internal/domain/product/product.go:87.3,88.1 1 0
github.com/claudioed/product-master/internal/domain/product/product.go:89.2,91.97 3 0
github.com/claudioed/product-master/internal/domain/product/product.go:99.2,100.1 1 0
github.com/claudioed/product-master/internal/domain/product/product.go:107.2,107.57 1 0
github.com/claudioed/product-master/internal/domain/product/product.go:108.3,109.1 1 0
github.com/claudioed/product-master/internal/domain/product/product.go:110.2,110.56 1 0
github.com/claudioed/product-master/internal/domain/product/product.go:114.2,114.80 1 0
github.com/claudioed/product-master/internal/domain/product/product.go:115.3,116.1 1 0
github.com/claudioed/product-master/internal/domain/product/product.go:117.2,120.93 4 0
github.com/claudioed/product-master/internal/domain/product/product.go:126.2,126.61 1 0
github.com/claudioed/product-master/internal/domain/product/product.go:127.3,128.1 1 0
github.com/claudioed/product-master/internal/domain/product/product.go:129.2,131.86 3 0
github.com/claudioed/product-master/internal/domain/product/product.go:139.2,139.45 1 0
github.com/claudioed/product-master/internal/domain/product/product.go:140.3,140.46 1 0
github.com/claudioed/product-master/internal/domain/product/product.go:141.4,142.1 1 0
github.com/claudioed/product-master/internal/domain/product/product.go:143.3,143.24 1 0
github.com/claudioed/product-master/internal/domain/product/product.go:144.4,145.1 1 0
github.com/claudioed/product-master/internal/domain/product/product.go:147.2,149.81 3 0
github.com/claudioed/product-master/internal/domain/product/product.go:152.28,152.41 1 0
github.com/claudioed/product-master/internal/domain/product/product.go:155.2,156.1 1 0
github.com/claudioed/product-master/internal/domain/product/sku.go:40.2,40.65 1 0
github.com/claudioed/product-master/internal/domain/product/sku.go:41.3,42.1 1 0
github.com/claudioed/product-master/internal/domain/product/sku.go:43.2,43.26 1 0
github.com/claudioed/product-master/internal/domain/product/sku.go:44.3,44.61 1 0
github.com/claudioed/product-master/internal/domain/product/sku.go:45.4,46.1 1 0
github.com/claudioed/product-master/internal/domain/product/sku.go:48.2,48.24 1 0
github.com/claudioed/product-master/internal/domain/product/sku.go:52.32,52.50 1 0
github.com/claudioed/product-master/internal/domain/product/sku.go:56.2,56.64 1 0
github.com/claudioed/product-master/internal/domain/product/sku.go:57.3,58.1 1 0
github.com/claudioed/product-master/internal/domain/product/sku.go:59.2,59.60 1 0
github.com/claudioed/product-master/internal/domain/product/sku.go:60.3,61.1 1 0
github.com/claudioed/product-master/internal/domain/product/sku.go:62.2,62.12 1 0
